---
source: crates/scootlens-abi/tests/contract.rs
expression: "method::ALL"
---
[
  "proc.spawn",
  "proc.list",
  "proc.info",
  "proc.kill",
  "proc.suspend",
  "proc.resume",
  "proc.snapshot",
  "proc.restore",
  "nav.goto",
  "nav.back",
  "nav.forward",
  "nav.reload",
  "view.snapshot",
  "view.screenshot",
  "act.click",
  "act.type",
  "act.press",
  "act.scroll",
  "act.select",
  "act.upload",
  "act.takeover.start",
  "act.takeover.end",
  "act.point.click",
  "dom.extract",
  "js.exec",
  "evt.wait",
  "evt.subscribe",
  "evt.unsubscribe",
  "state.read",
  "state.write",
  "state.list",
  "state.export",
  "state.import",
  "state.delete",
  "net.rules.set",
  "net.rules.get",
  "net.log",
  "cap.request",
  "cap.list",
  "cap.grant",
  "cap.revoke",
  "cap.approve",
  "cap.pending",
  "wf.create",
  "wf.list",
  "wf.run",
  "wf.cancel",
  "obs.journal",
  "obs.trace",
  "obs.replay.export",
  "sys.info"
]
